[photocontestdeadlines.com/index.html]
[backblue.gif]
[fade.gif]
[index.html]
[ajax.googleapis.com/ajax/libs/jquery/2.1.3/jquery.min.js]
[photocontestdeadlines.com/wp-content/themes/deadlinetheme/js/scripts.js]
[photocontestdeadlines.com/wordpress/wp-includes/css/dist/block-library/style.min380f.css]
[fonts.googleapis.com/index.html]
[photocontestdeadlines.com/home/feed/index.html]
[photocontestdeadlines.com/wp-content/themes/deadlinetheme/style5152.css]
[photocontestdeadlines.com/wp-content/plugins/profile-builder/assets/css/style-front-end7740.css]
[photocontestdeadlines.com/wp-json/wp/v2/pages/17.json]
[photocontestdeadlines.com/wp-json/index.html]
[photocontestdeadlines.com/wordpress/xmlrpc0db0.php]
[photocontestdeadlines.com/wp-json/oembed/1.0/embed9139.json]
[photocontestdeadlines.com/wp-json/oembed/1.0/embed3e93]
[photocontestdeadlines.com/wp-content/uploads/2017/02/favicon-16x16-1.png]
[connect.facebook.net/en_GB/sdk.js]
[photocontestdeadlines.com/wp-content/uploads/2017/02/deadlines-logo.png]
[photocontestdeadlines.com/submit-contest/index.html]
[photocontestdeadlines.com/privacy-policy-terms-of-use/index.html]
[photocontestdeadlines.com/how-to-take-a-perfect-photo-for-the-contest/index.html]
[photocontestdeadlines.com/wp-content/uploads/2024/06/chromaticawards_2024.png]
[photocontestdeadlines.com/banners/index.html]
[photocontestdeadlines.com/wp-content/uploads/2023/12/chromatic_awards_2024.png]
[photocontestdeadlines.com/photo-contest-list/index.html]
[photocontestdeadlines.com/all-photo-competitions/index.html]
[photocontestdeadlines.com/photo-contests-closing-soon/index.html]
[photocontestdeadlines.com/wp-content/uploads/2024/01/monochrome_awards_2024.png]
[photocontestdeadlines.com/photo-contest-list/monochrome-awards-2024/index.html]
[photocontestdeadlines.com/photo-contest-list/chromatic-photo-awards-2024/index.html]
[photocontestdeadlines.com/wp-content/uploads/2023/08/The-WILD-Photo-Awards.jpg]
[photocontestdeadlines.com/photo-grants-scholarships/index.html]
[photocontestdeadlines.com/wp-content/uploads/2024/04/Standard-Chartered-Weather-Photographer-of-the-Year-2024.png]
[photocontestdeadlines.com/photo-contest-list/the-wild-photo-awards-win-up-to-5000-every-month/index.html]
[photocontestdeadlines.com/wp-content/uploads/2024/05/LensCulture-Street-Photography-Awards-2024.jpg]
[photocontestdeadlines.com/photo-contest-list/standard-chartered-weather-photographer-of-the-year-2024/index.html]
[photocontestdeadlines.com/wp-content/uploads/2024/06/The-Double-City.jpg]
[photocontestdeadlines.com/wp-content/uploads/2024/05/EARTH-is-Your-Muse-Juried-Photography-Contest.png]
[photocontestdeadlines.com/photo-contest-list/the-lensculture-street-photography-awards-2024/index.html]
[photocontestdeadlines.com/photo-contest-list/the-double-city/index.html]
[photocontestdeadlines.com/photo-contest-list/earth-is-your-muse-juried-photography-contest/index.html]
[photocontestdeadlines.com/wp-content/uploads/2024/04/environmental-challenges-ad.1.jpg]
[photocontestdeadlines.com/wp-content/uploads/2024/03/Win-an-online-Solo-Exhibition-in-July-2024.jpg]
[photocontestdeadlines.com/wp-content/uploads/2024/03/BIKE-Photography-Contest-2024.png]
[photocontestdeadlines.com/photo-contest-list/win-an-online-solo-exhibition-2024/index.html]
[photocontestdeadlines.com/photo-contest-list/environmental-challenges-online-competition/index.html]
[photocontestdeadlines.com/photo-contest-list/bike-photography-contest-2024/index.html]
[photocontestdeadlines.com/wp-content/uploads/2024/04/PHOTOLAR25-FLY.jpg]
[photocontestdeadlines.com/wp-content/uploads/2024/04/2024_EI_Photobook.jpg]
[photocontestdeadlines.com/wp-content/uploads/2024/05/World-Nature-Photography-Awards-2024.jpg]
[photocontestdeadlines.com/photo-contest-list/photolar25-fly/index.html]
[photocontestdeadlines.com/photo-contest-list/photobook-award-2024/index.html]
[photocontestdeadlines.com/photo-contest-list/world-nature-photography-awards-2024/index.html]
[photocontestdeadlines.com/wp-content/uploads/2024/05/14th-Picture-Award-Category-PEOPLE.png]
[photocontestdeadlines.com/wp-content/uploads/2024/05/Futuristic-Visions-Open-theme-Call-for-Art.jpg]
[photocontestdeadlines.com/wp-content/uploads/2024/04/post-EN.jpg]
[photocontestdeadlines.com/photo-contest-list/14th-picture-award-category-people/index.html]
[photocontestdeadlines.com/photo-contest-list/futuristic-visions-open-theme-call-for-art/index.html]
[photocontestdeadlines.com/photo-contest-list/iv-edition-esperanza-pertusa-international-photography-prize/index.html]
[photocontestdeadlines.com/wp-content/uploads/2024/04/Elopement-Photography-Legend-Awards-2024.png]
[photocontestdeadlines.com/wp-content/uploads/2024/05/Maghreb-Photography-Awards-2024.png]
[photocontestdeadlines.com/photo-contest-list/elopement-photography-legend-awards-2024/index.html]
[photocontestdeadlines.com/wp-content/uploads/2024/04/Monochromatic-Awards-2024-1.jpg]
[photocontestdeadlines.com/photo-contest-list/monochromatic-awards-2024/index.html]
[photocontestdeadlines.com/photo-contest-list/maghreb-photography-awards-2024/index.html]
[photocontestdeadlines.com/wp-content/uploads/2024/06/Tusis-IV-Celebrating-the-Crafted-Image.jpg]
[photocontestdeadlines.com/photo-contest-list/tusis-iv-celebrating-the-crafted-image/index.html]
[photocontestdeadlines.com/wp-content/uploads/2024/05/Motif-19JPG.jpg]
[photocontestdeadlines.com/wp-content/uploads/2024/04/Brand-square-logo.jpg]
[photocontestdeadlines.com/photo-contest-list/the-portrait-is-the-theme-for-this-months-competition/index.html]
[photocontestdeadlines.com/index.html]
[photocontestdeadlines.com/wp-content/uploads/2024/06/2024_monoawards_early_deadline_v1.png]
[photocontestdeadlines.com/photo-contest-list/audubon-community-nature-center-2024-nature-photography-contest/index.html]
[photocontestdeadlines.com/photo-contest-list/unesco-icm-2024-martial-arts-photo-contest/index.html]
[photocontestdeadlines.com/photo-contest-list/2024-ams-weather-band-photo-contest/index.html]
[fonts.googleapis.com/index.html]
[photocontestdeadlines.com/photo-contest-list/aap-magazine-41-bw/index.html]
[photocontestdeadlines.com/photo-contest-list/lab-art-prize-venice24-edition/index.html]
[photocontestdeadlines.com/photo-contest-list/passepartout-photo-prize-9th-edition-rome/index.html]
[photocontestdeadlines.com/photo-contest-list/the-16th-jeju-international-photo-contest/index.html]
[photocontestdeadlines.com/photo-contest-list/sony-world-photography-awards-2025/index.html]
[fonts.googleapis.com/cssccf9.css]
[photocontestdeadlines.com/wp-content/themes/deadlinetheme/acf-5.8.0-beta3/assets/css/acf-global7d12.css]
[photocontestdeadlines.com/wp-content/themes/deadlinetheme/acf-5.8.0-beta3/assets/css/acf-input7d12.css]
[photocontestdeadlines.com/submit-contest/feed/index.html]
[photocontestdeadlines.com/wp-content/themes/deadlinetheme/acf-5.8.0-beta3/pro/assets/css/acf-pro-input7d12.css]
[photocontestdeadlines.com/wp-content/themes/deadlinetheme/acf-5.8.0-beta3/assets/inc/select2/4/select2.minf9b8.css]
[photocontestdeadlines.com/wp-content/themes/deadlinetheme/acf-5.8.0-beta3/assets/inc/datepicker/jquery-ui.mine899.css]
[photocontestdeadlines.com/wp-content/themes/deadlinetheme/acf-5.8.0-beta3/assets/inc/timepicker/jquery-ui-timepicker-addon.min51a2.css]
[photocontestdeadlines.com/wordpress/wp-admin/css/color-picker.min380f.css]
[photocontestdeadlines.com/wordpress/wp-includes/js/jquery/jquery.minf43b.js]
[photocontestdeadlines.com/wordpress/wp-includes/js/jquery/jquery-migrate.min5589.js]
[photocontestdeadlines.com/wordpress/wp-includes/js/jquery/ui/core.min3f14.js]
[photocontestdeadlines.com/wordpress/wp-includes/js/jquery/ui/mouse.min3f14.js]
[photocontestdeadlines.com/wordpress/wp-includes/js/jquery/ui/sortable.min3f14.js]
[photocontestdeadlines.com/wordpress/wp-includes/js/jquery/ui/resizable.min3f14.js]
[photocontestdeadlines.com/wp-content/themes/deadlinetheme/acf-5.8.0-beta3/assets/js/acf-input.min7d12.js]
[photocontestdeadlines.com/wp-content/themes/deadlinetheme/acf-5.8.0-beta3/pro/assets/js/acf-pro-input.min7d12.js]
[photocontestdeadlines.com/wp-content/themes/deadlinetheme/acf-5.8.0-beta3/assets/inc/select2/4/select2.full.minf9b8.js]
[photocontestdeadlines.com/wordpress/wp-includes/js/jquery/ui/datepicker.min3f14.js]
[photocontestdeadlines.com/wp-content/themes/deadlinetheme/acf-5.8.0-beta3/assets/inc/timepicker/jquery-ui-timepicker-addon.min51a2.js]
[photocontestdeadlines.com/wp-json/wp/v2/pages/21.json]
[photocontestdeadlines.com/wp-json/oembed/1.0/embeda69a.json]
[photocontestdeadlines.com/wp-json/oembed/1.0/embed4724]
[photocontestdeadlines.com/wordpress/wp-includes/css/dashicons.min380f.css]
[photocontestdeadlines.com/wordpress/wp-includes/css/editor.min380f.css]
[photocontestdeadlines.com/wordpress/wp-includes/css/buttons.min380f.css]
[photocontestdeadlines.com/wordpress/wp-includes/js/jquery/ui/draggable.min3f14.js]
[photocontestdeadlines.com/wordpress/wp-includes/js/jquery/ui/slider.min3f14.js]
[photocontestdeadlines.com/wordpress/wp-includes/js/jquery/jquery.ui.touch-punchc682.js]
[photocontestdeadlines.com/wordpress/wp-admin/js/iris.min19f6.js]
[photocontestdeadlines.com/wordpress/wp-admin/js/color-picker.min380f.js]
[photocontestdeadlines.com/wordpress/wp-includes/js/quicktags.min380f.js]
[photocontestdeadlines.com/wordpress/wp-includes/js/hoverIntent.min3e5a.js]
[photocontestdeadlines.com/wordpress/wp-includes/js/utils.min380f.js]
[photocontestdeadlines.com/wordpress/wp-includes/js/dist/vendor/wp-polyfill-inert.min0226.js]
[photocontestdeadlines.com/wordpress/wp-includes/js/dist/vendor/regenerator-runtime.min6c85.js]
[photocontestdeadlines.com/wordpress/wp-includes/js/dist/vendor/wp-polyfill.min2c7c.js]
[photocontestdeadlines.com/wordpress/wp-includes/js/dist/hooks.min2757.js]
[photocontestdeadlines.com/wordpress/wp-includes/js/dist/i18n.minc33c.js]
[photocontestdeadlines.com/wordpress/wp-admin/js/common.min380f.js]
[photocontestdeadlines.com/wordpress/wp-includes/js/dist/dom-ready.min5346.js]
[photocontestdeadlines.com/wordpress/wp-includes/js/dist/a11y.mine810.js]
[photocontestdeadlines.com/wordpress/wp-includes/js/wplink.min380f.js]
[photocontestdeadlines.com/wordpress/wp-includes/js/jquery/ui/menu.min3f14.js]
[photocontestdeadlines.com/wordpress/wp-includes/js/jquery/ui/autocomplete.min3f14.js]
[photocontestdeadlines.com/wordpress/wp-admin/admin-ajax.php]
[photocontestdeadlines.com/submit-contest/index.html]
[photocontestdeadlines.com/wp-json/wp/v2/pages/209.json]
[photocontestdeadlines.com/wp-json/oembed/1.0/embedde7a.json]
[photocontestdeadlines.com/banners/feed/index.html]
[photocontestdeadlines.com/wp-json/oembed/1.0/embed5f11]
[photocontestdeadlines.com/banners/index.html]
[photocontestdeadlines.com/wp-content/uploads/2017/02/photocontest_deadlines_1.png]
[photocontestdeadlines.com/wp-json/wp/v2/pages/2330.json]
[photocontestdeadlines.com/wp-json/oembed/1.0/embed2e0c.json]
[photocontestdeadlines.com/wp-json/oembed/1.0/embed76d1]
[photocontestdeadlines.com/how-to-take-a-perfect-photo-for-the-contest/index.html]
[photocontestdeadlines.com/wp-json/wp/v2/pages/3987.json]
[photocontestdeadlines.com/wp-json/oembed/1.0/embed67a3.json]
[photocontestdeadlines.com/privacy-policy-terms-of-use/index.html]
[photocontestdeadlines.com/wp-json/oembed/1.0/embed8752]
[photocontestdeadlines.com/wp-json/wp/v2/pages/9.json]
[photocontestdeadlines.com/all-photo-competitions/feed/index.html]
[photocontestdeadlines.com/wp-json/oembed/1.0/embed45c4.json]
[photocontestdeadlines.com/wp-json/oembed/1.0/embedff7d]
[photocontestdeadlines.com/wp-content/uploads/2023/11/Natural-Landscape-Photography-Awards.png]
[photocontestdeadlines.com/photo-contest-list/natural-landscape-photography-awards/index.html]
[photocontestdeadlines.com/wp-content/uploads/2023/12/Screenshot-2022-11-09-at-19.24.58.png]
[photocontestdeadlines.com/wp-content/uploads/2023/11/nd_awards_2024.png]
[photocontestdeadlines.com/photo-contest-list/analog-sparks-international-film-photography-awards-2024/index.html]
[photocontestdeadlines.com/wp-content/uploads/2023/12/Pano_PCI_2.jpg]
[photocontestdeadlines.com/photo-contest-list/the-15th-epson-international-pano-awards/index.html]
[photocontestdeadlines.com/photo-contest-list/nd-awards-2024/index.html]
[photocontestdeadlines.com/wp-content/uploads/2024/04/11th_fine_art_photography_awards_41.png]
[photocontestdeadlines.com/wp-content/uploads/2024/02/UOL-Zoom-World-Photo-Awards-2024.jpg]
[photocontestdeadlines.com/wp-content/uploads/2024/02/logo_apa_2024.png]
[photocontestdeadlines.com/photo-contest-list/11th-fine-art-photography-awards-2025/index.html]
[photocontestdeadlines.com/photo-contest-list/uol-zoom-world-photo-awards-2024/index.html]
[photocontestdeadlines.com/photo-contest-list/annual-photography-awards-2024/index.html]
[photocontestdeadlines.com/wp-content/uploads/2024/03/Anthology-Art-Competition-2024.jpg]
[photocontestdeadlines.com/all-photo-competitions/index.html]
[photocontestdeadlines.com/photo-contest-list/anthology-art-competition-2024/index.html]
[photocontestdeadlines.com/all-photo-competitions/page/2/index.html]
[photocontestdeadlines.com/wp-json/wp/v2/pages/15.json]
[photocontestdeadlines.com/wp-json/oembed/1.0/embed556c.json]
[photocontestdeadlines.com/photo-contests-closing-soon/feed/index.html]
[photocontestdeadlines.com/photo-contests-closing-soon/index.html]
[photocontestdeadlines.com/wp-json/oembed/1.0/embed4371]
[photocontestdeadlines.com/wp-content/plugins/profile-builder/assets/js/script-front-end7740.js]
[photocontestdeadlines.com/photo-contest-list/index.html]
[photocontestdeadlines.com/photo-contests-closing-soon/page/2/index.html]
[photocontestdeadlines.com/photo-contest-list/feed/index.html]
[photocontestdeadlines.com/wp-json/wp/v2/pages/742.json]
[photocontestdeadlines.com/photo-contest-list/page/2/index.html]
[photocontestdeadlines.com/wp-json/oembed/1.0/embed3a63.json]
[photocontestdeadlines.com/photo-grants-scholarships/index.html]
[photocontestdeadlines.com/wp-json/oembed/1.0/embed7c06]
[photocontestdeadlines.com/wp-json/oembed/1.0/embede58d.json]
[photocontestdeadlines.com/photo-contest-list/chromatic-photo-awards-2024/index.html]
[photocontestdeadlines.com/wp-json/oembed/1.0/embedb14a]
[photocontestdeadlines.com/photo-contest-list/index8e78.html]
[photocontestdeadlines.com/photo-contest-list/index0f8a.html]
[photocontestdeadlines.com/photo-contest-list/index9be3.html]
[photocontestdeadlines.com/wp-json/oembed/1.0/embed39c0.json]
[photocontestdeadlines.com/photo-contest-list/indexc093.html]
[photocontestdeadlines.com/photo-contest-list/index88e7.html]
[photocontestdeadlines.com/photo-contest-list/index1038.html]
[photocontestdeadlines.com/photo-contest-list/indexbeb9.html]
[photocontestdeadlines.com/wp-json/oembed/1.0/embed8959]
[photocontestdeadlines.com/photo-contest-list/monochrome-awards-2024/index.html]
[photocontestdeadlines.com/photo-contest-list/index6926.html]
[photocontestdeadlines.com/photo-contest-list/index0e41.html]
[photocontestdeadlines.com/photo-contest-list/indexc5ed.html]
[photocontestdeadlines.com/photo-contest-list/index23c6.html]
[photocontestdeadlines.com/photo-contest-list/index2588.html]
[photocontestdeadlines.com/wp-json/oembed/1.0/embed41fc.json]
[photocontestdeadlines.com/wp-json/oembed/1.0/embed718e]
[photocontestdeadlines.com/photo-contest-list/the-wild-photo-awards-win-up-to-5000-every-month/index.html]
[photocontestdeadlines.com/photo-contest-list/index3a26.html]
[photocontestdeadlines.com/photo-contest-list/index2ac4.html]
[photocontestdeadlines.com/photo-contest-list/index1778.html]
[photocontestdeadlines.com/photo-contest-list/indexf3c2.html]
[photocontestdeadlines.com/wp-json/oembed/1.0/embeda107.json]
[photocontestdeadlines.com/photo-contest-list/index5011.html]
[photocontestdeadlines.com/photo-contest-list/index66d2.html]
[photocontestdeadlines.com/photo-contest-list/indexeec3.html]
[photocontestdeadlines.com/photo-contest-list/index9e01.html]
[photocontestdeadlines.com/wp-json/oembed/1.0/embed83f9]
[photocontestdeadlines.com/photo-contest-list/standard-chartered-weather-photographer-of-the-year-2024/index.html]
[photocontestdeadlines.com/photo-contest-list/index7dbc.html]
[photocontestdeadlines.com/photo-contest-list/index26f4.html]
[photocontestdeadlines.com/photo-contest-list/index0cbc.html]
[photocontestdeadlines.com/wp-json/oembed/1.0/embed211b.json]
[photocontestdeadlines.com/wp-json/oembed/1.0/embed07e4]
[photocontestdeadlines.com/photo-contest-list/the-lensculture-street-photography-awards-2024/index.html]
[photocontestdeadlines.com/photo-contest-list/indexd34b.html]
[photocontestdeadlines.com/photo-contest-list/indexd913.html]
[photocontestdeadlines.com/wp-json/oembed/1.0/embed7a2b.json]
[photocontestdeadlines.com/photo-contest-list/index034b.html]
[photocontestdeadlines.com/wp-json/oembed/1.0/embeda0cc]
[photocontestdeadlines.com/photo-contest-list/the-double-city/index.html]
[photocontestdeadlines.com/photo-contest-list/indexeb73.html]
[photocontestdeadlines.com/photo-contest-list/indexc92c.html]
[photocontestdeadlines.com/photo-contest-list/indexbda0.html]
[photocontestdeadlines.com/wp-json/oembed/1.0/embed3cb9.json]
[photocontestdeadlines.com/photo-contest-list/earth-is-your-muse-juried-photography-contest/index.html]
[photocontestdeadlines.com/wp-json/oembed/1.0/embed9d9d]
[photocontestdeadlines.com/photo-contest-list/indexef71.html]
[photocontestdeadlines.com/wp-json/oembed/1.0/embedd789.json]
[photocontestdeadlines.com/photo-contest-list/environmental-challenges-online-competition/index.html]
[photocontestdeadlines.com/wp-json/oembed/1.0/embed54ed]
[photocontestdeadlines.com/wp-json/oembed/1.0/embed7a2c.json]
[photocontestdeadlines.com/photo-contest-list/win-an-online-solo-exhibition-2024/index.html]
[photocontestdeadlines.com/wp-json/oembed/1.0/embedb7e8]
[photocontestdeadlines.com/wp-json/oembed/1.0/embed4e54.json]
[photocontestdeadlines.com/photo-contest-list/indexd24b.html]
[photocontestdeadlines.com/photo-contest-list/bike-photography-contest-2024/index.html]
[photocontestdeadlines.com/wp-json/oembed/1.0/embedb124]
[photocontestdeadlines.com/wp-json/oembed/1.0/embedd9a0.json]
[photocontestdeadlines.com/photo-contest-list/photolar25-fly/index.html]
[photocontestdeadlines.com/wp-json/oembed/1.0/embed4e91]
[photocontestdeadlines.com/wp-json/oembed/1.0/embed5677.json]
[photocontestdeadlines.com/wp-json/oembed/1.0/embed8118]
[photocontestdeadlines.com/photo-contest-list/photobook-award-2024/index.html]
[photocontestdeadlines.com/wp-json/oembed/1.0/embed1c22.json]
[photocontestdeadlines.com/photo-contest-list/world-nature-photography-awards-2024/index.html]
[photocontestdeadlines.com/wp-json/oembed/1.0/embed5d0b]
[photocontestdeadlines.com/wp-json/oembed/1.0/embed24d4.json]
[photocontestdeadlines.com/photo-contest-list/14th-picture-award-category-people/index.html]
[photocontestdeadlines.com/wp-json/oembed/1.0/embedb46b]
[photocontestdeadlines.com/wp-json/oembed/1.0/embedc89d.json]
[photocontestdeadlines.com/photo-contest-list/indexbc11.html]
[photocontestdeadlines.com/photo-contest-list/futuristic-visions-open-theme-call-for-art/index.html]
[photocontestdeadlines.com/wp-json/oembed/1.0/embed78a0]
[photocontestdeadlines.com/wp-json/oembed/1.0/embed07e5.json]
[photocontestdeadlines.com/wp-json/oembed/1.0/embeda43e]
[photocontestdeadlines.com/photo-contest-list/iv-edition-esperanza-pertusa-international-photography-prize/index.html]
[photocontestdeadlines.com/wp-json/oembed/1.0/embedd7f0.json]
[photocontestdeadlines.com/photo-contest-list/elopement-photography-legend-awards-2024/index.html]
[photocontestdeadlines.com/wp-json/oembed/1.0/embedba23]
[photocontestdeadlines.com/wp-json/oembed/1.0/embed41df.json]
[photocontestdeadlines.com/photo-contest-list/maghreb-photography-awards-2024/index.html]
[photocontestdeadlines.com/wp-json/oembed/1.0/embed8888]
[photocontestdeadlines.com/wp-json/oembed/1.0/embed9670.json]
[photocontestdeadlines.com/photo-contest-list/monochromatic-awards-2024/index.html]
[photocontestdeadlines.com/wp-json/oembed/1.0/embed45a6]
[photocontestdeadlines.com/wp-json/oembed/1.0/embedf319.json]
[photocontestdeadlines.com/photo-contest-list/tusis-iv-celebrating-the-crafted-image/index.html]
[photocontestdeadlines.com/wp-json/oembed/1.0/embed43d0]
[photocontestdeadlines.com/wp-json/oembed/1.0/embedc6e6.json]
[photocontestdeadlines.com/photo-contest-list/the-portrait-is-the-theme-for-this-months-competition/index.html]
[photocontestdeadlines.com/wp-json/oembed/1.0/embedc19c]
[photocontestdeadlines.com/wp-json/oembed/1.0/embed299e.json]
[photocontestdeadlines.com/photo-contest-list/audubon-community-nature-center-2024-nature-photography-contest/index.html]
[photocontestdeadlines.com/wp-json/oembed/1.0/embed6af6]
[photocontestdeadlines.com/wp-json/oembed/1.0/embed8094.json]
[photocontestdeadlines.com/photo-contest-list/indexa89c.html]
[photocontestdeadlines.com/wp-json/oembed/1.0/embed706d]
[photocontestdeadlines.com/photo-contest-list/unesco-icm-2024-martial-arts-photo-contest/index.html]
[photocontestdeadlines.com/wp-content/uploads/2024/06/UNESCO-ICM-2024-Martial-Arts-Photo-Contest.png]
[photocontestdeadlines.com/wp-json/oembed/1.0/embed63d8.json]
[photocontestdeadlines.com/wp-json/oembed/1.0/embedfa9e]
[photocontestdeadlines.com/photo-contest-list/2024-ams-weather-band-photo-contest/index.html]
[photocontestdeadlines.com/wp-content/uploads/2024/06/AMS-Weather-Band-Photo-Contest.jpg]
[photocontestdeadlines.com/wp-json/oembed/1.0/embed25cf.json]
[photocontestdeadlines.com/wp-json/oembed/1.0/embeddf73]
[photocontestdeadlines.com/photo-contest-list/aap-magazine-41-bw/index.html]
[photocontestdeadlines.com/wp-content/uploads/2024/06/AAP-Magazine-BW.jpg]
[photocontestdeadlines.com/wp-json/oembed/1.0/embed1c0e.json]
[photocontestdeadlines.com/wp-json/oembed/1.0/embed94a1]
[photocontestdeadlines.com/photo-contest-list/lab-art-prize-venice24-edition/index.html]
[photocontestdeadlines.com/wp-content/uploads/2024/06/Lab-Art-Prize-VENICE24-edition.jpg]
[photocontestdeadlines.com/wp-json/oembed/1.0/embed6232.json]
[photocontestdeadlines.com/wp-json/oembed/1.0/embed590e]
[photocontestdeadlines.com/photo-contest-list/the-16th-jeju-international-photo-contest/index.html]
[photocontestdeadlines.com/wp-content/uploads/2024/06/16th-JEJU-PHOTO.jpg]
[photocontestdeadlines.com/wp-json/oembed/1.0/embed52a8.json]
[photocontestdeadlines.com/wp-json/oembed/1.0/embed40b3]
[photocontestdeadlines.com/photo-contest-list/passepartout-photo-prize-9th-edition-rome/index.html]
[photocontestdeadlines.com/wp-content/uploads/2024/05/Passepartout-Photo-Prize-9th-Edition-ROME.jpg]
[photocontestdeadlines.com/wp-json/oembed/1.0/embedeab3.json]
[photocontestdeadlines.com/wp-json/oembed/1.0/embed6db3]
[photocontestdeadlines.com/photo-contest-list/sony-world-photography-awards-2025/index.html]
[photocontestdeadlines.com/wp-content/uploads/2024/06/Sony-World-Photography-Awards-2025.jpg]
[photocontestdeadlines.com/index3965.html]
[photocontestdeadlines.com/wordpress/wp-admin/admin-ajax.html]
[photocontestdeadlines.com/index4e6a.html]
[photocontestdeadlines.com/index95be.html]
[photocontestdeadlines.com/index0462.html]
[photocontestdeadlines.com/indexb5fb.html]
[photocontestdeadlines.com/photo-contest-list/index2837.html]
[photocontestdeadlines.com/wp-json/oembed/1.0/embed3d92.json]
[photocontestdeadlines.com/photo-contest-list/natural-landscape-photography-awards/index.html]
[photocontestdeadlines.com/wp-json/oembed/1.0/embed3574]
[photocontestdeadlines.com/wp-json/oembed/1.0/embedf566.json]
[photocontestdeadlines.com/photo-contest-list/analog-sparks-international-film-photography-awards-2024/index.html]
[photocontestdeadlines.com/wp-json/oembed/1.0/embeda512]
[photocontestdeadlines.com/wp-json/oembed/1.0/embede6ec.json]
[photocontestdeadlines.com/photo-contest-list/nd-awards-2024/index.html]
[photocontestdeadlines.com/wp-json/oembed/1.0/embedb2a1]
[photocontestdeadlines.com/wp-json/oembed/1.0/embedf5e4.json]
[photocontestdeadlines.com/photo-contest-list/the-15th-epson-international-pano-awards/index.html]
[photocontestdeadlines.com/wp-json/oembed/1.0/embed3fb2]
[photocontestdeadlines.com/wp-json/oembed/1.0/embed6888.json]
[photocontestdeadlines.com/photo-contest-list/11th-fine-art-photography-awards-2025/index.html]
[photocontestdeadlines.com/wp-json/oembed/1.0/embed808a]
[photocontestdeadlines.com/wp-json/oembed/1.0/embed9c88.json]
[photocontestdeadlines.com/photo-contest-list/uol-zoom-world-photo-awards-2024/index.html]
[photocontestdeadlines.com/wp-json/oembed/1.0/embed5200]
[photocontestdeadlines.com/wp-json/oembed/1.0/embedbea0.json]
[photocontestdeadlines.com/photo-contest-list/annual-photography-awards-2024/index.html]
[photocontestdeadlines.com/wp-json/oembed/1.0/embed71eb]
[photocontestdeadlines.com/wp-json/oembed/1.0/embed5c5a.json]
[photocontestdeadlines.com/photo-contest-list/anthology-art-competition-2024/index.html]
[photocontestdeadlines.com/all-photo-competitions/page/2/index.html]
[photocontestdeadlines.com/indexa1ca.html]
[photocontestdeadlines.com/photo-contests-closing-soon/page/2/index.html]
[photocontestdeadlines.com/photo-contest-list/page/2/index.html]
[photocontestdeadlines.com/indexe0d2.html]
[photocontestdeadlines.com/index9778.html]
[photocontestdeadlines.com/photo-contest-list/index8e78.html]
[photocontestdeadlines.com/photo-contest-list/index0f8a.html]
[photocontestdeadlines.com/photo-contest-list/index9be3.html]
[photocontestdeadlines.com/photo-contest-list/indexc093.html]
[photocontestdeadlines.com/photo-contest-list/index1038.html]
[photocontestdeadlines.com/photo-contest-list/index88e7.html]
[photocontestdeadlines.com/photo-contest-list/indexbeb9.html]
[photocontestdeadlines.com/photo-contest-list/indexc5ed.html]
[photocontestdeadlines.com/photo-contest-list/index0e41.html]
[photocontestdeadlines.com/photo-contest-list/index6926.html]
[photocontestdeadlines.com/photo-contest-list/index23c6.html]
[photocontestdeadlines.com/photo-contest-list/index2588.html]
[photocontestdeadlines.com/photo-contest-list/indexf3c2.html]
[photocontestdeadlines.com/photo-contest-list/index1778.html]
[photocontestdeadlines.com/photo-contest-list/index3a26.html]
[photocontestdeadlines.com/photo-contest-list/index2ac4.html]
[photocontestdeadlines.com/photo-contest-list/index5011.html]
[photocontestdeadlines.com/photo-contest-list/index66d2.html]
[photocontestdeadlines.com/photo-contest-list/indexeec3.html]
[photocontestdeadlines.com/photo-contest-list/index9e01.html]
[photocontestdeadlines.com/index0f3d.html]
[photocontestdeadlines.com/photo-contest-list/index26f4.html]
[photocontestdeadlines.com/photo-contest-list/index0cbc.html]
[photocontestdeadlines.com/photo-contest-list/index7dbc.html]
[photocontestdeadlines.com/indexcdcf.html]
[photocontestdeadlines.com/photo-contest-list/indexd34b.html]
[photocontestdeadlines.com/photo-contest-list/indexd913.html]
[photocontestdeadlines.com/index25c5.html]
[photocontestdeadlines.com/photo-contest-list/index034b.html]
[photocontestdeadlines.com/index0d28.html]
[photocontestdeadlines.com/index43f5.html]
[photocontestdeadlines.com/photo-contest-list/indexc92c.html]
[photocontestdeadlines.com/photo-contest-list/indexeb73.html]
[photocontestdeadlines.com/photo-contest-list/indexbda0.html]
[photocontestdeadlines.com/photo-contest-list/indexef71.html]
[photocontestdeadlines.com/index6123.html]
[photocontestdeadlines.com/index70bd.html]
[photocontestdeadlines.com/index37f3.html]
[photocontestdeadlines.com/photo-contest-list/indexd24b.html]
[photocontestdeadlines.com/index7b3e.html]
[photocontestdeadlines.com/index57d9.html]
[photocontestdeadlines.com/index4664.html]
[photocontestdeadlines.com/indexa243.html]
[photocontestdeadlines.com/index1c11.html]
[photocontestdeadlines.com/photo-contest-list/indexbc11.html]
[photocontestdeadlines.com/index87e7.html]
[photocontestdeadlines.com/indexe110.html]
[photocontestdeadlines.com/index842d.html]
[photocontestdeadlines.com/index495f.html]
[photocontestdeadlines.com/indexe69e.html]
[photocontestdeadlines.com/index9ea4.html]
[photocontestdeadlines.com/index0f06.html]
[photocontestdeadlines.com/index4e90.html]
[photocontestdeadlines.com/photo-contest-list/indexa89c.html]
[photocontestdeadlines.com/indexb2de.html]
[photocontestdeadlines.com/indexe0c6.html]
[photocontestdeadlines.com/index8a84.html]
[photocontestdeadlines.com/indexc9e4.html]
[photocontestdeadlines.com/index4061.html]
[photocontestdeadlines.com/indexec80.html]
[photocontestdeadlines.com/indexa37e.html]
[photocontestdeadlines.com/photo-contest-list/index2837.html]
[photocontestdeadlines.com/index549c.html]
[photocontestdeadlines.com/indexbc69.html]
[photocontestdeadlines.com/index1c72.html]
[photocontestdeadlines.com/index0bf4.html]
[photocontestdeadlines.com/indexf26c.html]
[photocontestdeadlines.com/indexc247.html]
[photocontestdeadlines.com/index87bb.html]
[photocontestdeadlines.com/indexc2e1.html]
[photocontestdeadlines.com/wp-json/oembed/1.0/embedeefa]
[photocontestdeadlines.com/wp-json/index.html]
[photocontestdeadlines.com/home/feed/index.html]
[photocontestdeadlines.com/wp-json/oembed/1.0/embed9139.json]
[photocontestdeadlines.com/wordpress/wp-includes/css/dist/block-library/style.min380f.css]
[photocontestdeadlines.com/wp-json/oembed/1.0/embed3e93]
[photocontestdeadlines.com/wp-json/wp/v2/pages/17.json]
[photocontestdeadlines.com/wp-content/themes/deadlinetheme/style5152.css]
[photocontestdeadlines.com/wordpress/xmlrpc0db0.php]
[photocontestdeadlines.com/wp-content/plugins/profile-builder/assets/images/sorting-default.bf.delayed]
[photocontestdeadlines.com/wp-content/plugins/profile-builder/assets/images/sorting-ascending.png]
[photocontestdeadlines.com/wp-content/plugins/profile-builder/assets/images/sorting-descending.png]
[photocontestdeadlines.com/wp-content/plugins/profile-builder/assets/css/style-front-end7740.css]
[connect.facebook.net/en_GB/sdk.js]
[photocontestdeadlines.com/all-photo-competitions/index.html]
[photocontestdeadlines.com/photo-contest-list/monochrome-awards-2024/index.html]
[photocontestdeadlines.com/photo-contest-list/the-wild-photo-awards-win-up-to-5000-every-month/index.html]
[photocontestdeadlines.com/submit-contest/feed/index.html]
[photocontestdeadlines.com/photo-contest-list/standard-chartered-weather-photographer-of-the-year-2024/index.html]
[photocontestdeadlines.com/photo-contest-list/the-lensculture-street-photography-awards-2024/index.html]
[photocontestdeadlines.com/photo-contest-list/the-double-city/index.html]
[photocontestdeadlines.com/photo-contest-list/earth-is-your-muse-juried-photography-contest/index.html]
[photocontestdeadlines.com/photo-contest-list/environmental-challenges-online-competition/index.html]
[photocontestdeadlines.com/photo-contest-list/win-an-online-solo-exhibition-2024/index.html]
[photocontestdeadlines.com/photo-contest-list/bike-photography-contest-2024/index.html]
[photocontestdeadlines.com/wp-json/oembed/1.0/embeda69a.json]
[photocontestdeadlines.com/wp-json/oembed/1.0/embed4724]
[photocontestdeadlines.com/photo-contest-list/photolar25-fly/index.html]
[photocontestdeadlines.com/wp-json/wp/v2/pages/21.json]
[photocontestdeadlines.com/photo-contest-list/photobook-award-2024/index.html]
[photocontestdeadlines.com/photo-contest-list/world-nature-photography-awards-2024/index.html]
[photocontestdeadlines.com/photo-contest-list/14th-picture-award-category-people/index.html]
[photocontestdeadlines.com/photo-contest-list/futuristic-visions-open-theme-call-for-art/index.html]
[photocontestdeadlines.com/banners/feed/index.html]
[photocontestdeadlines.com/wp-json/wp/v2/pages/209.json]
[photocontestdeadlines.com/wp-json/oembed/1.0/embedde7a.json]
[photocontestdeadlines.com/wp-json/oembed/1.0/embed5f11]
[photocontestdeadlines.com/photo-contest-list/iv-edition-esperanza-pertusa-international-photography-prize/index.html]
[photocontestdeadlines.com/wp-json/oembed/1.0/embed76d1]
[photocontestdeadlines.com/wp-json/wp/v2/pages/3987.json]
[photocontestdeadlines.com/wp-json/wp/v2/pages/2330.json]
[photocontestdeadlines.com/photo-contest-list/elopement-photography-legend-awards-2024/index.html]
[photocontestdeadlines.com/all-photo-competitions/feed/index.html]
[photocontestdeadlines.com/wp-json/oembed/1.0/embed8752]
[photocontestdeadlines.com/wp-json/wp/v2/pages/9.json]
[photocontestdeadlines.com/wp-json/oembed/1.0/embedff7d]
[photocontestdeadlines.com/wp-json/oembed/1.0/embed45c4.json]
[photocontestdeadlines.com/photo-contest-list/monochromatic-awards-2024/index.html]
[photocontestdeadlines.com/photo-contest-list/tusis-iv-celebrating-the-crafted-image/index.html]
[photocontestdeadlines.com/photo-contest-list/the-portrait-is-the-theme-for-this-months-competition/index.html]
[photocontestdeadlines.com/photo-contest-list/audubon-community-nature-center-2024-nature-photography-contest/index.html]
[photocontestdeadlines.com/photo-contest-list/unesco-icm-2024-martial-arts-photo-contest/index.html]
[photocontestdeadlines.com/photo-contests-closing-soon/feed/index.html]
[photocontestdeadlines.com/wp-content/themes/deadlinetheme/acf-5.8.0-beta3/assets/images/spinner.gif]
[photocontestdeadlines.com/wp-json/oembed/1.0/embed556c.json]
[photocontestdeadlines.com/photo-contest-list/feed/index.html]
[photocontestdeadlines.com/wp-json/oembed/1.0/embed4371]
[photocontestdeadlines.com/wp-json/wp/v2/pages/742.json]
[photocontestdeadlines.com/wp-content/themes/deadlinetheme/acf-5.8.0-beta3/assets/font/acf057f.eot]
[photocontestdeadlines.com/wp-json/oembed/1.0/embed7c06]
[photocontestdeadlines.com/wp-json/oembed/1.0/embede58d.json]
[photocontestdeadlines.com/wp-json/oembed/1.0/embed3a63.json]
[photocontestdeadlines.com/wp-content/themes/deadlinetheme/acf-5.8.0-beta3/assets/font/acf057f.woff2]
[photocontestdeadlines.com/wp-json/oembed/1.0/embedb14a]
[photocontestdeadlines.com/wp-json/oembed/1.0/embed718e]
[photocontestdeadlines.com/wp-json/oembed/1.0/embed41fc.json]
[photocontestdeadlines.com/wp-json/oembed/1.0/embed211b.json]
[photocontestdeadlines.com/wp-content/themes/deadlinetheme/acf-5.8.0-beta3/assets/font/acf057f.woff]
[photocontestdeadlines.com/wp-json/oembed/1.0/embeda0cc]
[photocontestdeadlines.com/wp-json/oembed/1.0/embed07e4]
[photocontestdeadlines.com/wp-json/oembed/1.0/embed3cb9.json]
[photocontestdeadlines.com/wp-json/oembed/1.0/embed9d9d]
[photocontestdeadlines.com/wp-content/themes/deadlinetheme/acf-5.8.0-beta3/assets/font/acf057f.ttf]
[photocontestdeadlines.com/wp-json/oembed/1.0/embed54ed]
[photocontestdeadlines.com/wp-json/oembed/1.0/embedd789.json]
[photocontestdeadlines.com/wp-json/oembed/1.0/embedb7e8]
[photocontestdeadlines.com/wp-json/oembed/1.0/embed4e54.json]
[photocontestdeadlines.com/wp-content/themes/deadlinetheme/acf-5.8.0-beta3/assets/font/acf057f.svg]
[photocontestdeadlines.com/wp-json/oembed/1.0/embedd9a0.json]
[photocontestdeadlines.com/wp-json/oembed/1.0/embedb124]
[photocontestdeadlines.com/wp-json/oembed/1.0/embed4e91]
[photocontestdeadlines.com/wp-json/oembed/1.0/embed8118]
[photocontestdeadlines.com/wp-content/themes/deadlinetheme/acf-5.8.0-beta3/assets/images/spinner@2x.gif]
[photocontestdeadlines.com/wp-content/themes/deadlinetheme/acf-5.8.0-beta3/assets/css/acf-global7d12.css]
[photocontestdeadlines.com/wp-json/oembed/1.0/embed24d4.json]
[photocontestdeadlines.com/wp-json/oembed/1.0/embed5d0b]
[photocontestdeadlines.com/wp-json/oembed/1.0/embedb46b]
[photocontestdeadlines.com/wp-json/oembed/1.0/embedc89d.json]
[photocontestdeadlines.com/wp-json/oembed/1.0/embed78a0]
[photocontestdeadlines.com/wp-json/oembed/1.0/embeda43e]
[photocontestdeadlines.com/wp-json/oembed/1.0/embedba23]
[photocontestdeadlines.com/wp-json/oembed/1.0/embed41df.json]
[photocontestdeadlines.com/wp-content/themes/deadlinetheme/acf-5.8.0-beta3/assets/css/acf-input7d12.css]
[photocontestdeadlines.com/wp-json/oembed/1.0/embed8888]
[photocontestdeadlines.com/wp-json/oembed/1.0/embed9670.json]
[photocontestdeadlines.com/wp-json/oembed/1.0/embed45a6]
[photocontestdeadlines.com/wp-json/oembed/1.0/embedf319.json]
[photocontestdeadlines.com/wp-json/oembed/1.0/embed43d0]
[photocontestdeadlines.com/wp-json/oembed/1.0/embedc6e6.json]
[photocontestdeadlines.com/wp-json/oembed/1.0/embedc19c]
[photocontestdeadlines.com/wp-json/oembed/1.0/embed299e.json]
[photocontestdeadlines.com/wp-content/themes/deadlinetheme/acf-5.8.0-beta3/pro/assets/css/acf-pro-input7d12.css]
[photocontestdeadlines.com/wp-json/oembed/1.0/embed6af6]
[photocontestdeadlines.com/wp-json/oembed/1.0/embed8094.json]
[photocontestdeadlines.com/wp-json/oembed/1.0/embed706d]
[photocontestdeadlines.com/wp-json/oembed/1.0/embed63d8.json]
[photocontestdeadlines.com/wp-json/oembed/1.0/embedfa9e]
[photocontestdeadlines.com/wp-content/themes/deadlinetheme/acf-5.8.0-beta3/assets/inc/select2/4/select2.minf9b8.css]
[photocontestdeadlines.com/wp-json/oembed/1.0/embed25cf.json]
[photocontestdeadlines.com/wp-json/oembed/1.0/embeddf73]
[photocontestdeadlines.com/wp-json/oembed/1.0/embed94a1]
[photocontestdeadlines.com/wp-content/themes/deadlinetheme/acf-5.8.0-beta3/assets/inc/datepicker/images/ui-icons_444444_256x240.png]
[photocontestdeadlines.com/wp-json/oembed/1.0/embed590e]
[photocontestdeadlines.com/wp-content/themes/deadlinetheme/acf-5.8.0-beta3/assets/inc/datepicker/images/ui-icons_DDDDDD_256x240.png]
[photocontestdeadlines.com/wp-json/oembed/1.0/embed40b3]
[photocontestdeadlines.com/wp-json/oembed/1.0/embed52a8.json]
[photocontestdeadlines.com/wp-content/themes/deadlinetheme/acf-5.8.0-beta3/assets/inc/datepicker/jquery-ui.mine899.css]
[photocontestdeadlines.com/wp-content/themes/deadlinetheme/acf-5.8.0-beta3/assets/inc/datepicker/images/ui-icons_ffffff_256x240.png]
[photocontestdeadlines.com/wp-content/themes/deadlinetheme/acf-5.8.0-beta3/assets/inc/timepicker/jquery-ui-timepicker-addon.min51a2.css]
[photocontestdeadlines.com/wp-json/oembed/1.0/embedeab3.json]
[photocontestdeadlines.com/wp-json/oembed/1.0/embed6db3]
[photocontestdeadlines.com/wordpress/wp-admin/css/color-picker.min380f.css]
[photocontestdeadlines.com/wp-json/oembed/1.0/embed3d92.json]
[photocontestdeadlines.com/wp-json/oembed/1.0/embed3574]
[photocontestdeadlines.com/wp-json/oembed/1.0/embedf566.json]
[photocontestdeadlines.com/wp-json/oembed/1.0/embeda512]
[photocontestdeadlines.com/wp-json/oembed/1.0/embede6ec.json]
[photocontestdeadlines.com/wp-json/oembed/1.0/embedb2a1]
[photocontestdeadlines.com/wp-json/oembed/1.0/embedf5e4.json]
[photocontestdeadlines.com/wp-json/oembed/1.0/embed3fb2]
[photocontestdeadlines.com/index3965.html]
[photocontestdeadlines.com/wp-json/oembed/1.0/embed6888.json]
[photocontestdeadlines.com/wp-json/oembed/1.0/embed808a]
[photocontestdeadlines.com/wp-json/oembed/1.0/embed9c88.json]
[photocontestdeadlines.com/wordpress/wp-includes/fonts/dashicons7d4b.eot]
[photocontestdeadlines.com/wp-json/oembed/1.0/embedbea0.json]
[photocontestdeadlines.com/wp-json/oembed/1.0/embed5200]
[photocontestdeadlines.com/wordpress/wp-includes/css/dashicons.min380f.css]
[photocontestdeadlines.com/wordpress/wp-includes/fonts/dashicons7d4b.ttf]
[photocontestdeadlines.com/wp-json/oembed/1.0/embed5c5a.json]
[photocontestdeadlines.com/wp-json/oembed/1.0/embed71eb]
[photocontestdeadlines.com/wordpress/wp-includes/css/editor.min380f.css]
[photocontestdeadlines.com/wp-content/plugins/profile-builder/assets/images/sorting-default.png]
[photocontestdeadlines.com/wordpress/wp-includes/css/buttons.min380f.css]
[photocontestdeadlines.com/wp-content/themes/deadlinetheme/acf-5.8.0-beta3/assets/inc/datepicker/images/ui-bg_highlight-soft_0_ffffff_1x100.c9]
[photocontestdeadlines.com/wordpress/wp-admin/admin-ajax.html]
[photocontestdeadlines.com/index4e6a.html]
[photocontestdeadlines.com/index95be.html]
[photocontestdeadlines.com/index0462.html]
[photocontestdeadlines.com/indexb5fb.html]
[photocontestdeadlines.com/photo-contest-list/natural-landscape-photography-awards/index.html]
[photocontestdeadlines.com/photo-contest-list/the-15th-epson-international-pano-awards/index.html]
[photocontestdeadlines.com/photo-contest-list/11th-fine-art-photography-awards-2025/index.html]
[photocontestdeadlines.com/photo-contest-list/uol-zoom-world-photo-awards-2024/index.html]
[photocontestdeadlines.com/photo-contest-list/annual-photography-awards-2024/index.html]
[photocontestdeadlines.com/photo-contest-list/anthology-art-competition-2024/index.html]
[photocontestdeadlines.com/all-photo-competitions/page/2/index.html]
[photocontestdeadlines.com/wp-json/wp/v2/pages/15.json]
[photocontestdeadlines.com/photo-contests-closing-soon/page/2/index.html]
[photocontestdeadlines.com/indexe0d2.html]
[photocontestdeadlines.com/index9778.html]
[photocontestdeadlines.com/photo-contest-list/index8e78.html]
[photocontestdeadlines.com/photo-contest-list/indexd34b.html]
[photocontestdeadlines.com/index43f5.html]
[photocontestdeadlines.com/photo-contest-list/indexc92c.html]
[photocontestdeadlines.com/index70bd.html]
[photocontestdeadlines.com/index37f3.html]
[photocontestdeadlines.com/photo-contest-list/indexd24b.html]
[photocontestdeadlines.com/index57d9.html]
[photocontestdeadlines.com/index4664.html]
[photocontestdeadlines.com/indexa243.html]
[photocontestdeadlines.com/index1c11.html]
[photocontestdeadlines.com/photo-contest-list/indexbc11.html]
[photocontestdeadlines.com/indexe110.html]
[photocontestdeadlines.com/index842d.html]
[photocontestdeadlines.com/index495f.html]
[photocontestdeadlines.com/indexe69e.html]
[photocontestdeadlines.com/index9ea4.html]
[photocontestdeadlines.com/index0f06.html]
[photocontestdeadlines.com/index4e90.html]
[photocontestdeadlines.com/photo-contest-list/indexa89c.html]
[photocontestdeadlines.com/indexe0c6.html]
[photocontestdeadlines.com/index8a84.html]
[photocontestdeadlines.com/indexc9e4.html]
[photocontestdeadlines.com/index4061.html]
[photocontestdeadlines.com/indexec80.html]
[photocontestdeadlines.com/indexa37e.html]
[photocontestdeadlines.com/photo-contest-list/index2837.html]
[photocontestdeadlines.com/indexbc69.html]
[photocontestdeadlines.com/index1c72.html]
[photocontestdeadlines.com/index0bf4.html]
[photocontestdeadlines.com/indexf26c.html]
[photocontestdeadlines.com/indexc247.html]
[photocontestdeadlines.com/index87bb.html]
[photocontestdeadlines.com/indexc2e1.html]
[photocontestdeadlines.com/wp-json/oembed/1.0/embedeefa]
[photocontestdeadlines.com/wp-content/themes/deadlinetheme/acf-5.8.0-beta3/assets/font/acf057f.svg]
